// Validating benchmarks:
// ***** BenchmarkRunner: Start   *****
// ***** Found 46 benchmark(s) in total *****
// ***** Building 1 exe(s) in Parallel: Start   *****
// start dotnet  restore /p:UseSharedCompilation=false /p:BuildInParallel=false /m:1 /p:Deterministic=true /p:Optimize=true /p:IntermediateOutputPath="C:\Projekty\Jit\ImportParametryzacji\importer\D2ApiViewerEditor\D2ViewerEditor.Benchmarks\bin\Release\net8.0\af47f469-f490-4d76-a7b1-4a815623bfea\obj\Release\net8.0/" /p:OutDir="C:\Projekty\Jit\ImportParametryzacji\importer\D2ApiViewerEditor\D2ViewerEditor.Benchmarks\bin\Release\net8.0\af47f469-f490-4d76-a7b1-4a815623bfea\bin\Release\net8.0/" /p:OutputPath="C:\Projekty\Jit\ImportParametryzacji\importer\D2ApiViewerEditor\D2ViewerEditor.Benchmarks\bin\Release\net8.0\af47f469-f490-4d76-a7b1-4a815623bfea\bin\Release\net8.0/" in C:\Projekty\Jit\ImportParametryzacji\importer\D2ApiViewerEditor\D2ViewerEditor.Benchmarks\bin\Release\net8.0\af47f469-f490-4d76-a7b1-4a815623bfea
// command took 2.31 sec and exited with 0
// start dotnet  build -c Release --no-restore /p:UseSharedCompilation=false /p:BuildInParallel=false /m:1 /p:Deterministic=true /p:Optimize=true /p:IntermediateOutputPath="C:\Projekty\Jit\ImportParametryzacji\importer\D2ApiViewerEditor\D2ViewerEditor.Benchmarks\bin\Release\net8.0\af47f469-f490-4d76-a7b1-4a815623bfea\obj\Release\net8.0/" /p:OutDir="C:\Projekty\Jit\ImportParametryzacji\importer\D2ApiViewerEditor\D2ViewerEditor.Benchmarks\bin\Release\net8.0\af47f469-f490-4d76-a7b1-4a815623bfea\bin\Release\net8.0/" /p:OutputPath="C:\Projekty\Jit\ImportParametryzacji\importer\D2ApiViewerEditor\D2ViewerEditor.Benchmarks\bin\Release\net8.0\af47f469-f490-4d76-a7b1-4a815623bfea\bin\Release\net8.0/" --output "C:\Projekty\Jit\ImportParametryzacji\importer\D2ApiViewerEditor\D2ViewerEditor.Benchmarks\bin\Release\net8.0\af47f469-f490-4d76-a7b1-4a815623bfea\bin\Release\net8.0/" in C:\Projekty\Jit\ImportParametryzacji\importer\D2ApiViewerEditor\D2ViewerEditor.Benchmarks\bin\Release\net8.0\af47f469-f490-4d76-a7b1-4a815623bfea
// command took 25.74 sec and exited with 0
// ***** Done, took 00:00:28 (28.39 sec)   *****
// Found 21 benchmarks:
//   BarcodeBenchmarks.QrCode: DefaultJob [Size=150]
//   BarcodeBenchmarks.QrCodeLongContent: DefaultJob [Size=150]
//   BarcodeBenchmarks.Code128: DefaultJob [Size=150]
//   BarcodeBenchmarks.Code128WithText: DefaultJob [Size=150]
//   BarcodeBenchmarks.Ean13: DefaultJob [Size=150]
//   BarcodeBenchmarks.Pdf417: DefaultJob [Size=150]
//   BarcodeBenchmarks.DataMatrix: DefaultJob [Size=150]
//   BarcodeBenchmarks.QrCode: DefaultJob [Size=300]
//   BarcodeBenchmarks.QrCodeLongContent: DefaultJob [Size=300]
//   BarcodeBenchmarks.Code128: DefaultJob [Size=300]
//   BarcodeBenchmarks.Code128WithText: DefaultJob [Size=300]
//   BarcodeBenchmarks.Ean13: DefaultJob [Size=300]
//   BarcodeBenchmarks.Pdf417: DefaultJob [Size=300]
//   BarcodeBenchmarks.DataMatrix: DefaultJob [Size=300]
//   BarcodeBenchmarks.QrCode: DefaultJob [Size=600]
//   BarcodeBenchmarks.QrCodeLongContent: DefaultJob [Size=600]
//   BarcodeBenchmarks.Code128: DefaultJob [Size=600]
//   BarcodeBenchmarks.Code128WithText: DefaultJob [Size=600]
//   BarcodeBenchmarks.Ean13: DefaultJob [Size=600]
//   BarcodeBenchmarks.Pdf417: DefaultJob [Size=600]
//   BarcodeBenchmarks.DataMatrix: DefaultJob [Size=600]

Setup power plan (GUID: 8c5e7fda-e8bf-4a96-9a85-a6e23a8c635c FriendlyName: Wysoka wydajność)
// **************************
// Benchmark: BarcodeBenchmarks.QrCode: DefaultJob [Size=150]
// *** Execute ***
// Launch: 1 / 1
// Execute: dotnet af47f469-f490-4d76-a7b1-4a815623bfea.dll --anonymousPipes 1844 888 --benchmarkName "D2ViewerEditor.Benchmarks.Benchmarks.BarcodeBenchmarks.QrCode(Size: 150)" --job Default --benchmarkId 0 in C:\Projekty\Jit\ImportParametryzacji\importer\D2ApiViewerEditor\D2ViewerEditor.Benchmarks\bin\Release\net8.0\af47f469-f490-4d76-a7b1-4a815623bfea\bin\Release\net8.0
// BeforeAnythingElse

// Benchmark Process Environment Information:
// BenchmarkDotNet v0.14.0
// Runtime=.NET 8.0.20 (8.0.2025.41914), X64 RyuJIT AVX2
// GC=Concurrent Workstation
// HardwareIntrinsics=AVX2,AES,BMI1,BMI2,FMA,LZCNT,PCLMUL,POPCNT,AvxVnni,SERIALIZE VectorSize=256
// Job: DefaultJob

OverheadJitting  1: 1 op, 912700.00 ns, 912.7000 us/op
WorkloadJitting  1: 1 op, 152172800.00 ns, 152.1728 ms/op

WorkloadPilot    1: 2 op, 15807700.00 ns, 7.9039 ms/op
WorkloadPilot    2: 3 op, 19849000.00 ns, 6.6163 ms/op
WorkloadPilot    3: 4 op, 25468500.00 ns, 6.3671 ms/op
WorkloadPilot    4: 5 op, 39739800.00 ns, 7.9480 ms/op
WorkloadPilot    5: 6 op, 36050300.00 ns, 6.0084 ms/op
WorkloadPilot    6: 7 op, 48702500.00 ns, 6.9575 ms/op
WorkloadPilot    7: 8 op, 56898500.00 ns, 7.1123 ms/op
WorkloadPilot    8: 9 op, 58001700.00 ns, 6.4446 ms/op
WorkloadPilot    9: 10 op, 72177200.00 ns, 7.2177 ms/op
WorkloadPilot   10: 11 op, 57452400.00 ns, 5.2229 ms/op
WorkloadPilot   11: 12 op, 66812600.00 ns, 5.5677 ms/op
WorkloadPilot   12: 13 op, 97199700.00 ns, 7.4769 ms/op
WorkloadPilot   13: 14 op, 128653900.00 ns, 9.1896 ms/op
WorkloadPilot   14: 15 op, 107936300.00 ns, 7.1958 ms/op
WorkloadPilot   15: 16 op, 116214300.00 ns, 7.2634 ms/op
WorkloadPilot   16: 32 op, 122481200.00 ns, 3.8275 ms/op
WorkloadPilot   17: 64 op, 249372400.00 ns, 3.8964 ms/op
WorkloadPilot   18: 128 op, 406137300.00 ns, 3.1729 ms/op
WorkloadPilot   19: 256 op, 871732700.00 ns, 3.4052 ms/op

WorkloadWarmup   1: 256 op, 994094300.00 ns, 3.8832 ms/op
WorkloadWarmup   2: 256 op, 1119818900.00 ns, 4.3743 ms/op
WorkloadWarmup   3: 256 op, 1479688000.00 ns, 5.7800 ms/op
WorkloadWarmup   4: 256 op, 1633844400.00 ns, 6.3822 ms/op
WorkloadWarmup   5: 256 op, 2613442100.00 ns, 10.2088 ms/op
WorkloadWarmup   6: 256 op, 2695995700.00 ns, 10.5312 ms/op
WorkloadWarmup   7: 256 op, 2777977000.00 ns, 10.8515 ms/op
WorkloadWarmup   8: 256 op, 2525930100.00 ns, 9.8669 ms/op
WorkloadWarmup   9: 256 op, 2278239700.00 ns, 8.8994 ms/op
WorkloadWarmup  10: 256 op, 2506201100.00 ns, 9.7898 ms/op
WorkloadWarmup  11: 256 op, 2247157700.00 ns, 8.7780 ms/op

// BeforeActualRun
WorkloadActual   1: 256 op, 2095152100.00 ns, 8.1842 ms/op
WorkloadActual   2: 256 op, 1538318400.00 ns, 6.0091 ms/op
WorkloadActual   3: 256 op, 1035761400.00 ns, 4.0459 ms/op
WorkloadActual   4: 256 op, 1055903200.00 ns, 4.1246 ms/op
WorkloadActual   5: 256 op, 1567099000.00 ns, 6.1215 ms/op
WorkloadActual   6: 256 op, 1391247200.00 ns, 5.4346 ms/op
WorkloadActual   7: 256 op, 1131491900.00 ns, 4.4199 ms/op
WorkloadActual   8: 256 op, 1330128100.00 ns, 5.1958 ms/op
WorkloadActual   9: 256 op, 1430812300.00 ns, 5.5891 ms/op
WorkloadActual  10: 256 op, 1451512300.00 ns, 5.6700 ms/op
WorkloadActual  11: 256 op, 1659187400.00 ns, 6.4812 ms/op
WorkloadActual  12: 256 op, 1394528100.00 ns, 5.4474 ms/op
WorkloadActual  13: 256 op, 1485068300.00 ns, 5.8010 ms/op
WorkloadActual  14: 256 op, 1191565300.00 ns, 4.6546 ms/op
WorkloadActual  15: 256 op, 904826100.00 ns, 3.5345 ms/op
WorkloadActual  16: 256 op, 1063201700.00 ns, 4.1531 ms/op
WorkloadActual  17: 256 op, 847362400.00 ns, 3.3100 ms/op
WorkloadActual  18: 256 op, 918123200.00 ns, 3.5864 ms/op
WorkloadActual  19: 256 op, 862468600.00 ns, 3.3690 ms/op
WorkloadActual  20: 256 op, 1405219600.00 ns, 5.4891 ms/op
WorkloadActual  21: 256 op, 1364703400.00 ns, 5.3309 ms/op
WorkloadActual  22: 256 op, 1606854900.00 ns, 6.2768 ms/op
WorkloadActual  23: 256 op, 1455844600.00 ns, 5.6869 ms/op
